// Jest Snapshot v1, https://goo.gl/fbAQLP

exports[`matches snapshot 1`] = `
<div
  className="profile-container"
>
  <div
    className="rockets-container"
  >
    <h2>
      My Rockets
    </h2>
    <p
      className="no-rockets"
    >
      No Rockets reserved...
    </p>
    <ul
      style={
        Object {
          "border": "none",
          "marginTop": "10px",
        }
      }
    />
  </div>
  <div
    className="mission-container"
  >
    <h2>
      My Missions
    </h2>
    <p
      className="no-mission"
    >
      No Missions reserved...
    </p>
    <ul
      style={
        Object {
          "border": "none",
          "marginTop": "10px",
        }
      }
    />
  </div>
</div>
`;
