// Jest Snapshot v1, https://goo.gl/fbAQLP

exports[`Navbar Navbar renders correctly 1`] = `
<DocumentFragment>
  <main>
    <nav
      class="nav"
    >
      <div
        class="nav-container"
      >
        <img
          alt=""
          class="space-img"
          src="/planet.png"
        />
        <h3>
          Space Travellers Hub
        </h3>
      </div>
      <ul
        class="nav-list"
      >
        <li>
          <a
            aria-current="page"
            class="nav-link active"
            href="/"
          >
            Rockets
          </a>
        </li>
        <li>
          <a
            class="nav-link"
            href="/missions"
          >
            Missions
          </a>
        </li>
        <li>
          <a
            class="nav-link"
            href="/myprofile"
          >
            My Profile
          </a>
        </li>
      </ul>
    </nav>
  </main>
</DocumentFragment>
`;
